Building for debugging...
[0/7] Write sources
[1/7] Write swift-version--1AB21518FC5DEDBE.txt
[3/8] Compiling FieldnotesApp ExternalChangeCoordinator.swift
[4/8] Compiling FieldnotesApp FieldnotesDocument.swift
[5/8] Emitting module FieldnotesApp
[5/10] Write Objects.LinkFileList
[6/10] Linking FieldnotesApp
[7/10] Applying FieldnotesApp
[9/14] Compiling FieldnotesAppTests DocumentStateTests.swift
[10/14] Compiling FieldnotesAppTests ImageImporterTests.swift
[11/14] Compiling FieldnotesAppTests ExternalChangeTests.swift
[12/14] Emitting module FieldnotesAppTests
[12/14] Write Objects.LinkFileList
[13/14] Linking FieldnotesPackageTests
Build complete! (4.31s)
◇ Test run started.
↳ Testing Library Version: swift-6.2-DEVELOPMENT-SNAPSHOT-2025-12-03-a
◇ Suite "External Markdown changes" started.
◇ Test "successful native save notifications preserve subsequent edits and selection" started.
✔ Test "successful native save notifications preserve subsequent edits and selection" passed after 0.248 seconds.
✔ Suite "External Markdown changes" passed after 0.248 seconds.
✔ Test run with 1 test in 1 suite passed after 0.249 seconds.
