[0/1] Planning build
Building for debugging...
[0/9] Write sources
[2/9] Write swift-version--1AB21518FC5DEDBE.txt
[4/10] Compiling FieldnotesCore Workspace.swift
[5/10] Emitting module FieldnotesCore
[5/13] Write Objects.LinkFileList
[7/13] Linking fieldnotes
[8/13] Applying fieldnotes
[9/13] Linking FieldnotesApp
[10/13] Applying FieldnotesApp
[12/15] Compiling FieldnotesAppTests ExternalChangeTests.swift
[13/15] Emitting module FieldnotesAppTests
[13/15] Write Objects.LinkFileList
[14/15] Linking FieldnotesPackageTests
Build complete! (6.88s)
◇ Test run started.
↳ Testing Library Version: swift-6.2-DEVELOPMENT-SNAPSHOT-2025-12-03-a
◇ Suite "Workspace and launch core" started.
◇ Suite "External Markdown changes" started.
◇ Test "unmarked native file-reference URLs stop workspace traversal at filesystem root" started.
◇ Test "native read callbacks do not discard unsaved editor text" started.
✔ Test "native read callbacks do not discard unsaved editor text" passed after 0.003 seconds.
◇ Test "presenter reload maps cursor past an inserted prefix" started.
✔ Test "unmarked native file-reference URLs stop workspace traversal at filesystem root" passed after 0.005 seconds.
✔ Suite "Workspace and launch core" passed after 0.006 seconds.
✔ Test "presenter reload maps cursor past an inserted prefix" passed after 0.097 seconds.
◇ Test "native save catches an external edit before its notification arrives" started.
✔ Test "native save catches an external edit before its notification arrives" passed after 0.002 seconds.
◇ Test "unresolved conflicts block native manual saves and autosaves" started.
✔ Test "unresolved conflicts block native manual saves and autosaves" passed after 0.002 seconds.
◇ Test "conflict choices retain all versions until confirmation and update native dirty accounting" started.
✔ Test "conflict choices retain all versions until confirmation and update native dirty accounting" passed after 0.004 seconds.
◇ Test "new editor or disk revisions invalidate an open confirmation" started.
✔ Test "new editor or disk revisions invalidate an open confirmation" passed after 0.001 seconds.
◇ Test "deletion callback retains text and requires explicit recreation" started.
✔ Test "deletion callback retains text and requires explicit recreation" passed after 0.003 seconds.
◇ Test "invalid UTF-8 cannot replace or be overwritten by the editor" started.
✔ Test "invalid UTF-8 cannot replace or be overwritten by the editor" passed after 0.015 seconds.
◇ Test "delayed reads reconcile against edits made while awaiting coordination" started.
✔ Test "delayed reads reconcile against edits made while awaiting coordination" passed after 0.014 seconds.
◇ Test "a move invalidates pending reads from the former path" started.
✔ Test "a move invalidates pending reads from the former path" passed after 0.110 seconds.
◇ Test "successful native save notifications preserve subsequent edits and selection" started.
✔ Test "successful native save notifications preserve subsequent edits and selection" passed after 0.125 seconds.
◇ Test "saving a copy onto the conflicted original is still blocked" started.
✔ Test "saving a copy onto the conflicted original is still blocked" passed after 1.485 seconds.
◇ Test "an external write during temporary output aborts atomic replacement" started.
✔ Test "an external write during temporary output aborts atomic replacement" passed after 0.003 seconds.
◇ Test "native recovery autosaves do not promote the original disk baseline" started.
✔ Test "native recovery autosaves do not promote the original disk baseline" passed after 0.010 seconds.
◇ Test "a newer edit during a native save survives snapshot promotion" started.
✔ Test "a newer edit during a native save survives snapshot promotion" passed after 0.012 seconds.
◇ Test "confirmed editor resolution can be saved through the native save lifecycle" started.
✔ Test "confirmed editor resolution can be saved through the native save lifecycle" passed after 0.025 seconds.
◇ Test "Save As invalidates a pending read of the previous location" started.
✔ Test "Save As invalidates a pending read of the previous location" passed after 0.123 seconds.
✔ Suite "External Markdown changes" passed after 2.043 seconds.
✔ Test run with 18 tests in 2 suites passed after 2.044 seconds.
