Building for debugging...
[0/6] Write swift-version--1AB21518FC5DEDBE.txt
Build complete! (0.14s)
◇ Test run started.
↳ Testing Library Version: swift-6.2-DEVELOPMENT-SNAPSHOT-2025-12-03-a
◇ Suite "External Markdown changes" started.
◇ Test "saving a copy onto the conflicted original is still blocked" started.
TRACE read(from:ofType:) main=true
TRACE read(from:ofType:) main=true
TRACE before accept
TRACE after accept clean=false
TRACE after accounting
TRACE writeSafely(to:ofType:for:) main=true
TRACE write(to:ofType:) main=true
✘ Test "saving a copy onto the conflicted original is still blocked" recorded an issue at ExternalChangeTests.swift:209:9: Expectation failed: an error was expected but none was thrown
✘ Test "saving a copy onto the conflicted original is still blocked" recorded an issue at ExternalChangeTests.swift:210:9: Expectation failed: try Data(contentsOf: url) == Data("theirs".utf8)
✘ Test "saving a copy onto the conflicted original is still blocked" failed after 0.074 seconds with 2 issues.
◇ Test "an external write during temporary output aborts atomic replacement" started.
TRACE read(from:ofType:) main=true
TRACE writeSafely(to:ofType:for:) main=true
TRACE write(to:ofType:) main=true
✘ Test "an external write during temporary output aborts atomic replacement" recorded an issue at ExternalChangeTests.swift:228:9: Expectation failed: an error was expected but none was thrown
✘ Test "an external write during temporary output aborts atomic replacement" recorded an issue at ExternalChangeTests.swift:229:9: Expectation failed: try Data(contentsOf: url) == Data("during save".utf8)
✘ Test "an external write during temporary output aborts atomic replacement" recorded an issue at ExternalChangeTests.swift:231:9: Expectation failed: (document.state.conflict?.theirs → nil) == (Data("during save".utf8) → 11 bytes)
✘ Test "an external write during temporary output aborts atomic replacement" failed after 0.004 seconds with 3 issues.
◇ Test "native recovery autosaves do not promote the original disk baseline" started.
TRACE read(from:ofType:) main=true
✘ Test "native recovery autosaves do not promote the original disk baseline" recorded an issue at ExternalChangeTests.swift:243:9: Expectation failed: (error → Error Domain=NSCocoaErrorDomain Code=512 "The document “note.md” could not be autosaved. " UserInfo={NSUnderlyingError=0x7e702a220 {Error Domain=NSCocoaErrorDomain Code=512 "The file “recovery.md” couldn’t be saved in the folder “external-FE767227-B0D9-4C93-977D-19FC351BB8B6”." UserInfo={NSURL=file:///var/folders/jy/nmh43099607fl9kmv2s8gbdh0000gn/T/external-FE767227-B0D9-4C93-977D-19FC351BB8B6/recovery.md}}, NSLocalizedRecoverySuggestion=Your changes will not be saved until the problem is resolved., NSURL=file:///var/folders/jy/nmh43099607fl9kmv2s8gbdh0000gn/T/external-FE767227-B0D9-4C93-977D-19FC351BB8B6/recovery.md, NSLocalizedDescription=The document “note.md” could not be autosaved. }) == nil
✘ Test "native recovery autosaves do not promote the original disk baseline" recorded an issue at ExternalChangeTests.swift:234:6: Caught error: Error Domain=NSCocoaErrorDomain Code=260 "The file “recovery.md” couldn’t be opened because there is no such file." UserInfo={NSFilePath=/var/folders/jy/nmh43099607fl9kmv2s8gbdh0000gn/T/external-FE767227-B0D9-4C93-977D-19FC351BB8B6/recovery.md, NSURL=file:///var/folders/jy/nmh43099607fl9kmv2s8gbdh0000gn/T/external-FE767227-B0D9-4C93-977D-19FC351BB8B6/recovery.md, NSUnderlyingError=0x7e702a850 {Error Domain=NSPOSIXErrorDomain Code=2 "No such file or directory"}}
✘ Test "native recovery autosaves do not promote the original disk baseline" failed after 0.013 seconds with 2 issues.
◇ Test "a newer edit during a native save survives snapshot promotion" started.
TRACE read(from:ofType:) main=true
TRACE writeSafely(to:ofType:for:) main=true
TRACE write(to:ofType:) main=true
✔ Test "a newer edit during a native save survives snapshot promotion" passed after 0.016 seconds.
✘ Suite "External Markdown changes" failed after 0.110 seconds with 7 issues.
✘ Test run with 4 tests in 1 suite failed after 0.110 seconds with 7 issues.
