Building for debugging...
[0/9] Write sources
[2/9] Write swift-version--1AB21518FC5DEDBE.txt
[4/8] Emitting module FieldnotesApp
[5/8] Compiling FieldnotesApp DocumentWindowController.swift
[5/10] Write Objects.LinkFileList
[6/10] Linking FieldnotesApp
[7/10] Applying FieldnotesApp
[9/12] Compiling FieldnotesAppTests ExternalChangeTests.swift
[10/12] Emitting module FieldnotesAppTests
[10/12] Write Objects.LinkFileList
[11/12] Linking FieldnotesPackageTests
Build complete! (5.62s)
◇ Test run started.
↳ Testing Library Version: swift-6.2-DEVELOPMENT-SNAPSHOT-2025-12-03-a
◇ Suite "Native Markdown documents" started.
◇ Test "document windows retain the persistent state and native geometry" started.
✔ Test "document windows retain the persistent state and native geometry" passed after 0.310 seconds.
✔ Suite "Native Markdown documents" passed after 0.311 seconds.
✔ Test run with 1 test in 1 suite passed after 0.311 seconds.
